// Jest Snapshot v1, https://goo.gl/fbAQLP

exports[`List Basic List test, only items 1`] = `
<ul
  className="list"
  onScroll={[Function]}
>
  <li
    className="list__item"
  >
    <div>
      a
    </div>
  </li>
  <li
    className="list__item"
  >
    <div>
      b
    </div>
  </li>
  <button
    className="button button-primary bottom bottom-right"
    onClick={[Function]}
    style={
      Object {
        "display": "none",
      }
    }
  >
    Back to Top
  </button>
</ul>
`;
